
> hipozero@0.0.0 test:run
> vitest run src/__tests__/meal-plan-queries.test.js


[1m[46m RUN [49m[22m [36mv4.1.2 [39m[90mC:/Users/vinic/OneDrive/Documents/GitHub/HipoZero[39m

node.exe : [90mstderr[2m | src/__t
ests__/meal-plan-queries.test.js[2m
 > [22m[2msetActiveMealPlan[2m > 
[22m[2mdeve retornar erro se a 
RPC falhar ÔÇö sem dois UPDATEs 
separados
No linha:1 caractere:1
+ & "C:\Program 
Files\nodejs/node.exe" 
"C:\Users\vinic\AppData\Roaming\ ...
+ ~~~~~~~~~~~~~~~~~~~~~~~~~~~~~~~~~~
~~~~~~~~~~~~~~~~~~~~~~~~~~~~~~~~~~~
    + CategoryInfo          : NotSp 
   ecified: ([90mstderr[2m...DAT  
  Es separados:String) [], Remote   
 Exception
    + FullyQualifiedErrorId : Nativ 
   eCommandError
 
[22m[39m[Supabase] Erro ao ativar 
plano alimentar: RPC failure 

[90mstderr[2m | src/__tests__/meal
-plan-queries.test.js[2m > 
[22m[2mpromoteDraftToActive[2m > 
[22m[2mdeve retornar erro se a 
RPC falhar
[22m[39m[Supabase] Erro ao 
promover rascunho para plano ativo: 
promote RPC failure 

[90mstderr[2m | src/__tests__/meal
-plan-queries.test.js[2m > 
[22m[2mgetDraftMealPlan[2m > 
[22m[2mdeve retornar erro 
propagado do banco
[22m[39m[Supabase] Erro ao buscar 
rascunho do plano alimentar: DB 
timeout 

[90mstderr[2m | src/__tests__/meal
-plan-queries.test.js[2m > 
[22m[2mdeleteDraftMealPlan[2m > 
[22m[2mdeve retornar { data, 
error: null } se a dele├º├úo for 
bem-sucedida
[22m[39m[Supabase] Erro ao 
deletar rascunho do plano 
alimentar: __vite_ssr_import_0__.sup
abase.from(...).delete(...).eq(...).
eq is not a function 

[90mstderr[2m | src/__tests__/meal
-plan-queries.test.js[2m > 
[22m[2mdeleteDraftMealPlan[2m > 
[22m[2mdeve retornar { data: 
null, error } se a dele├º├úo falhar
[22m[39m[Supabase] Erro ao 
deletar rascunho do plano 
alimentar: __vite_ssr_import_0__.sup
abase.from(...).delete(...).eq(...).
eq is not a function 

 [31mÔØ»[39m src/__tests__/meal-plan-queries.test.js [2m([22m[2m12 tests[22m[2m | [22m[31m1 failed[39m[2m)[22m[32m 19[2mms[22m[39m
     [32mÔ£ô[39m deve chamar a RPC set_active_meal_plan com o planId correto[32m 4[2mms[22m[39m
     [32mÔ£ô[39m deve retornar o plano atualizado ap├│s chamada RPC bem-sucedida[32m 1[2mms[22m[39m
     [32mÔ£ô[39m deve retornar erro se a RPC falhar ÔÇö sem dois UPDATEs separados[32m 1[2mms[22m[39m
     [32mÔ£ô[39m N├âO deve executar dois UPDATEs sequenciais (evita race condition)[32m 0[2mms[22m[39m
     [32mÔ£ô[39m deve chamar a RPC promote_draft_to_active com os par├ómetros corretos[32m 1[2mms[22m[39m
     [32mÔ£ô[39m deve retornar o plano promovido ap├│s opera├º├úo bem-sucedida[32m 0[2mms[22m[39m
     [32mÔ£ô[39m deve retornar erro se a RPC falhar[32m 0[2mms[22m[39m
     [32mÔ£ô[39m deve retornar null se n├úo existir rascunho para o paciente[32m 0[2mms[22m[39m
     [32mÔ£ô[39m deve buscar o plano COMPLETO (com refei├º├Áes) quando rascunho existe[32m 1[2mms[22m[39m
     [32mÔ£ô[39m deve retornar erro propagado do banco[32m 0[2mms[22m[39m
[31m     [31m├ù[31m deve retornar { data, error: null } se a dele├º├úo for bem-sucedida[39m[32m 7[2mms[22m[39m
     [32mÔ£ô[39m deve retornar { data: null, error } se a dele├º├úo falhar[32m 1[2mms[22m[39m

[31mÔÄ»ÔÄ»ÔÄ»ÔÄ»ÔÄ»ÔÄ»ÔÄ»[39m[1m
[41m Failed Tests 1 [49m[22m[31mÔ
Ä»ÔÄ»ÔÄ»ÔÄ»ÔÄ»ÔÄ»ÔÄ»[39m

[41m[1m FAIL [22m[49m src/__test
s__/meal-plan-queries.test.js[2m > 
[22mdeleteDraftMealPlan[2m > 
[22mdeve retornar { data, error: 
null } se a dele├º├úo for 
bem-sucedida
[31m[1mAssertionError[22m: 
expected TypeError: 
__vite_ssr_import_0__.supabaseÔÇª 
to be null[39m

[32m- Expected:[39m
null

[31m+ Received:[39m
TypeError {
  "message": "__vite_ssr_import_0__.
supabase.from(...).delete(...).eq(..
.).eq is not a function",
}

[36m [2mÔØ»[22m src/__tests__/mea
l-plan-queries.test.js:[2m211:30[2
2m[39m
    [90m209|[39m         
[35mconst[39m result [33m=[39m 
[35mawait[39m [34mdeleteDraftMeal
Plan[39m([34m5[39m)[33m;[39m
    [90m210|[39m
    [90m211|[39m         [34mexpe
ct[39m(result[33m.[39merror)[33m
.[39m[34mtoBeNull[39m()[33m;[39
m
    [90m   |[39m                  
            [31m^[39m
    [90m212|[39m     })[33m;[39m
    [90m213|[39m

[31m[2mÔÄ»ÔÄ»ÔÄ»ÔÄ»ÔÄ»ÔÄ»ÔÄ»ÔÄ»ÔÄ»
ÔÄ»ÔÄ»ÔÄ»ÔÄ»ÔÄ»ÔÄ»ÔÄ»ÔÄ»ÔÄ»ÔÄ»ÔÄ»ÔÄ»
ÔÄ»ÔÄ»ÔÄ»[1/1]ÔÄ»[22m[39m


[2m Test Files [22m [1m[31m1 failed[39m[22m[90m (1)[39m
[2m      Tests [22m [1m[31m1 failed[39m[22m[2m | [22m[1m[32m11 passed[39m[22m[90m (12)[39m
[2m   Start at [22m 03:39:49
[2m   Duration [22m 1.90s[2m (transform 82ms, setup 133ms, import 92ms, tests 19ms, environment 1.15s)[22m

